// Jest Snapshot v1, https://goo.gl/fbAQLP

exports[`Renders the dashboard display displays dashboard 1`] = `
<div
  className="DisplayDashboard"
>
  <div
    className="display-header"
  >
    <h1>
      Banking
    </h1>
    <button
      onClick={[Function]}
      style={
        Object {
          "float": "right",
        }
      }
    >
      Edit
    </button>
    <button
      onClick={[Function]}
      style={
        Object {
          "float": "right",
        }
      }
      type="Submit"
    >
      Back
    </button>
  </div>
  <article
    className="DisplayGraph-container"
  >
    <div
      className="DisplayGraph"
    >
      <img
        alt="Barchart.png"
        src="Barchart.png"
      />
    </div>
    <div
      className="DisplayGraph"
    >
      <img
        alt="PieChart.jpg"
        src="PieChart.jpg"
      />
    </div>
    <div
      className="DisplayGraph"
    >
      <img
        alt="Barchart.png"
        src="Barchart.png"
      />
    </div>
  </article>
</div>
`;

exports[`Renders the dashboard display displays graph 1`] = `
<div
  className="DisplayGraph"
>
  <img />
</div>
`;
