// Jest Snapshot v1, https://goo.gl/fbAQLP

exports[`Renders the dashboard edit screen displays graph 1`] = `
<div
  className="EditDashboard"
>
  <div
    className="controls"
  >
    <button
      onClick={[Function]}
    >
      Add Connection
    </button>
    <button
      onClick={[Function]}
    >
      Filter
    </button>
    <button
      onClick={null}
    >
      Delete Dashboard
    </button>
    <button
      onClick={[Function]}
    >
      Back
    </button>
  </div>
  <div
    className="dashBoardWrapper"
  >
    <div
      className="graph-flex-container"
    >
      Dashboard
      <div
        className="graph-flex-item"
        onClick={[Function]}
      >
        <img />
      </div>
      <div
        className="graph-flex-item"
        onClick={[Function]}
      >
        <img />
      </div>
      <div
        className="graph-flex-item"
        onClick={[Function]}
      >
        <img />
      </div>
    </div>
    <div>
      <div
        className="graph-flex-container"
      >
        Suggested Graphs
        <div
          className="list"
        >
          <div
            className="graph-flex-item"
            onClick={[Function]}
          >
            <img
              alt=""
              src="Barchart.png"
            />
          </div>
          <div
            className="graph-flex-item"
            onClick={[Function]}
          >
            <img
              alt=""
              src="PieChart.jpg"
            />
          </div>
          <div
            className="graph-flex-item"
            onClick={[Function]}
          >
            <img
              alt=""
              src="ScatterPlot2.png"
            />
          </div>
        </div>
      </div>
      <div
        className="graph-flex-container"
      >
        Add Graphs
        <div
          className="list"
        >
          <div
            className="graph-flex-item"
            onClick={[Function]}
          >
            <img
              alt=""
              src="Barchart.png"
            />
          </div>
          <div
            className="graph-flex-item"
            onClick={[Function]}
          >
            <img
              alt=""
              src="PieChart.jpg"
            />
          </div>
          <div
            className="graph-flex-item"
            onClick={[Function]}
          >
            <img
              alt=""
              src="ScatterPlot2.png"
            />
          </div>
        </div>
      </div>
    </div>
  </div>
</div>
`;
