// Jest Snapshot v1, https://goo.gl/fbAQLP

exports[`DataConnection component renders correctly 1`] = `
<div>
  <form
    className="ant-form ant-form-horizontal"
    id="entitiesForm"
    onSubmit={[Function]}
  >
    <div
      className="ant-card titleCard"
      style={
        Object {
          "backgroundColor": "transparent",
          "margin": "0 auto",
          "marginTop": "20px",
          "width": "80%",
        }
      }
    >
      <div
        className="ant-card-head"
        style={
          Object {
            "border": 0,
            "textAlign": "center",
          }
        }
      >
        <div
          className="ant-card-head-wrapper"
        >
          <div
            className="ant-card-head-title"
          >
            Select Entities From Your Datasources
          </div>
        </div>
      </div>
      <div
        className="ant-card-body"
        style={Object {}}
      >
        <label
          className="ant-checkbox-wrapper"
        >
          <span
            className="ant-checkbox"
            style={Object {}}
          >
            <input
              checked={false}
              className="ant-checkbox-input"
              onBlur={[Function]}
              onChange={[Function]}
              onFocus={[Function]}
              type="checkbox"
            />
            <span
              className="ant-checkbox-inner"
            />
          </span>
          <span>
            Check All
          </span>
        </label>
        <div
          className="ant-list entitesList ant-list-split ant-list-loading"
        >
          <div
            className="ant-spin-nested-loading"
          >
            <div>
              <div
                className="ant-spin ant-spin-spinning"
              >
                <span
                  className="ant-spin-dot ant-spin-dot-spin"
                >
                  <i
                    className="ant-spin-dot-item"
                  />
                  <i
                    className="ant-spin-dot-item"
                  />
                  <i
                    className="ant-spin-dot-item"
                  />
                  <i
                    className="ant-spin-dot-item"
                  />
                </span>
              </div>
            </div>
            <div
              className="ant-spin-container ant-spin-blur"
            >
              <div
                style={
                  Object {
                    "minHeight": 53,
                  }
                }
              />
            </div>
          </div>
        </div>
      </div>
    </div>
    <div
      className="ant-row ant-form-item"
      style={Object {}}
    >
      <div
        className="ant-col ant-form-item-control"
        style={Object {}}
      >
        <div
          className="ant-form-item-control-input"
        >
          <div
            className="ant-form-item-control-input-content"
          >
            <div
              className="blob-div"
            >
              <button
                className="preblob-btn"
                icon={<ForwardRef(CompassOutlined) />}
                id="loggedOut_generateSuggestions"
                shape="round"
                size="large"
                type="submit"
              >
                Generate Suggestions
                <span
                  className="preblob-btn__inner"
                >
                  <span
                    className="preblob-btn__blobs"
                  >
                    <span
                      className="preblob-btn__blob"
                    />
                    <span
                      className="preblob-btn__blob"
                    />
                    <span
                      className="preblob-btn__blob"
                    />
                    <span
                      className="preblob-btn__blob"
                    />
                  </span>
                </span>
              </button>
              <br />
              <svg
                version="1.1"
                xmlns="http://www.w3.org/2000/svg"
              >
                <defs>
                  <filter
                    id="goo"
                  >
                    <feGaussianBlur
                      in="SourceGraphic"
                      result="blur"
                      stdDeviation="10"
                    />
                    <feColorMatrix
                      in="blur"
                      mode="matrix"
                      result="goo"
                      values="1 0 0 0 0 0 1 0 0 0 0 0 1 0 0 0 0 0 21 -7"
                    />
                    <feBlend
                      in="SourceGraphic"
                      in2="goo"
                      result="mix"
                    />
                  </filter>
                </defs>
              </svg>
            </div>
          </div>
        </div>
      </div>
    </div>
  </form>
</div>
`;
