// Jest Snapshot v1, https://goo.gl/fbAQLP

exports[`LoginDialog component renders correctly renders correctly 1`] = `
<div
  id="loginDiv"
>
  <button
    className="ant-btn ant-btn-dashed"
    id="loginButton"
    onClick={[Function]}
    style={
      Object {
        "color": "#3C6A7F",
      }
    }
    type="button"
  >
    <span>
      Login/Sign Up
    </span>
  </button>
  <main />
</div>
`;
