// Jest Snapshot v1, https://goo.gl/fbAQLP

exports[`LoginDialog component renders correctly renders correctly 1`] = `
<div
  id="login-div"
>
  <button
    className="ant-btn button__login ant-btn-dashed ant-btn-background-ghost"
    id="loginButton"
    onClick={[Function]}
    type="button"
  >
    <span>
      Login/Sign Up
    </span>
  </button>
  <main />
</div>
`;
